# World Map File
# Format: TYPE X Y Z [additional params]

# Player spawn
player_spawn 0.0 1.8 0.0

# Items (type x y z)
item bronze_shortsword 0.0 0.0 3.0

# Enemies (enemy TYPE x y z)
# Trolls
enemy troll 10.0 0.0 10.0
enemy troll -8.0 0.0 15.0
enemy troll 12.0 0.0 -5.0
enemy troll -15.0 0.0 -10.0
enemy troll 5.0 0.0 -12.0

# Cows (cow pasture west of spawn)
enemy cow 15.0 0.0 0.0
enemy cow 18.0 0.0 3.0
enemy cow 16.0 0.0 -2.0
enemy cow 20.0 0.0 1.0

# Walls: wall x y z width height depth material
# Materials: wood, stone, brick

# === Small wooden house (east of spawn) ===
# Back wall
wall 8.0 0.0 5.0 4.0 3.0 0.3 wood
# Front wall left
wall 6.5 0.0 9.0 1.0 3.0 0.3 wood
# Front wall right
wall 9.5 0.0 9.0 1.0 3.0 0.3 wood
# Left wall
wall 6.0 0.0 7.0 0.3 3.0 4.0 wood
# Right wall
wall 10.0 0.0 7.0 0.3 3.0 4.0 wood

# === Stone tavern (north of spawn) ===
# Back wall
wall 0.0 0.0 -10.0 8.0 4.0 0.4 stone
# Front wall left
wall -3.0 0.0 -4.0 2.0 4.0 0.4 stone
# Front wall right
wall 3.0 0.0 -4.0 2.0 4.0 0.4 stone
# Left wall
wall -4.0 0.0 -7.0 0.4 4.0 6.0 stone
# Right wall
wall 4.0 0.0 -7.0 0.4 4.0 6.0 stone

# === Watchtower (northwest) ===
# Tower base (all four walls)
wall -12.0 0.0 8.0 3.0 6.0 0.5 brick
wall -12.0 0.0 12.0 3.0 6.0 0.5 brick
wall -13.5 0.0 10.0 0.5 6.0 4.0 brick
wall -10.5 0.0 10.0 0.5 6.0 4.0 brick

# === Fence around spawn area ===
wall -3.0 0.0 2.0 0.2 1.2 4.0 wood
wall 3.0 0.0 2.0 0.2 1.2 4.0 wood
